bacterial leaf blight
bacterial leaf streak
bacterial stalk rot
bacterial stripe and leaf spot
chocolate spot
goss’s bacterial wilt and blight
holcus spot
stewart’s bacterial wilt
downy mildews
brown stripe downy mildew
crazy top
graminicola downy mildew
java downy mildew
leaf splitting downy mildew
philippine downy mildew
rajasthan downy mildew
sorghum downy mildew
spontaneum downy mildew
sugarcane downy mildew
ear and kernel rots
aspergillus ear rot
black kernel rot
cladosporium rot
diplodia (stenocarpella) ear rot
fusarium ear rot or pink ear rot
gibberella ear rot or red ear rot
gray ear rot
nigrospora ear and cob rot
penicillium ear rot and blue eye
rhizoctonia ear rot
rhizopus ear rot
trichoderma ear rot
ergot
foliar diseases
alternaria leaf spot
anthracnose leaf blight
ascochyta leaf spot
curvularia leaf spot
didymella leaf spot
diplodia (stenocarpella) leaf spot
diplodia (stenocarpella) leaf streak
eyespot
fusarium leaf scorch
gray leaf spot
hyalothyridium leaf spot
leptosphaeria leaf spot
northern corn leaf blight
northern corn leaf spot
phaeosphaeria leaf spot
physoderma brown spot
rhizoctonia banded leaf and sheath blight
rostratum leaf spot
selenophoma leaf spot
septoria leaf blotch
southern corn leaf blight
tar spot complex
yellow leaf blight
zonate leaf spot
fungal stalk rots
anthracnose stalk rot
black bundle disease
charcoal rot
diplodia (stenocarpella) stalk rot
fusarium stalk rot
gibberella stalk rot
nigrospora stalk rot
other stalk rot
pythium stalk rot
red root rot
late wilt
mycotoxins and mycotoxicoses
aflatoxins
deoxynivalenol and other trichothecenes
diplodiatoxin
fumonisins
ochratoxins
other mycotoxins
zearalenone
root rots
fusarium root rot
pythium root rot (and feeder root necrosis)
red root rot
rhizoctonia crown and brace root rot
rusts
common rust
southern rust
tropical rust
seed rots and seedling blights (damping-off)
smuts
common smut
false smut
head smut
storage molds
corn stunt
maize bushy stunt
maize redness
awl nematode
cyst nematodes
dagger nematodes
lance nematodes
needle nematode
ring nematodes
root-knot nematodes
root lesion nematodes
spiral nematodes
sting nematodes
stubby-root nematodes
stunt nematodes
air pollutants
chlorine
fluorides
ozone
peroxyacetyl nitrate (pan)
sulfur dioxide
environmental factors
drought damage
excess moisture damage
frost damage
high-temperature scalding
low-temperature sunscald and cold banding
wind damage
herbicide injury
excess rate of use; use of herbicides to which corn
has a low tolerance; carryover or drift
nutrient deficiencies
boron
calcium
copper
iron
magnesium
manganese
molybdenum
nitrogen
phosphorus
potassium
sulfur
zinc
nutrient toxicities
anhydrous ammonia or aqua-ammonia damage
fertilizer burn
other nutrient excesses
other abnormalities
barren stalks
blunt ear syndrome
branched ear
buggy-whip
exposed ear tips
genetic stripe, leaf spots, and flecks
kernel red streak
popped kernel
purple leaf sheath
red leaf
red stalk
rootless corn syndrome
silk-cut
soil crusting and leafing out underground
tassel ear (floral abnormality)
tassel tip (floral abnormality)
witchweed
barley yellow dwarf
brome mosaic
cereal chlorotic mottle
cucumber mosaic
high plains disease
maize chlorotic dwarf
maize chlorotic mottle
maize dwarf mosaic
maize fine streak
maize leaf fleck
maize lethal necrosis
maize mosaic
maize necrotic streak
maize rayado fino
maize rough dwarf
maize streak
maize stripe
maize white line mosaic
mal de rio cuarto
rice stripe
wheat streak mosaic
