bacillus seed decay
bacterial blight
bacterial pustule
bacterial tan spot
bacterial wilt
wildfire
other bacteria known to infect soybean
burkholderia andropogonis (e. f. smith) gillis
et al.
curtobacterium plantarum dunleavy
erwinia amylovora (burrill) winslow et al.
e. carotovora subsp. atroseptica (van
hall) dye
pseudomonas savastanoi pv. phaseolicola (burkholder)
gardan et al.
p. syringae pv. syringae van hall
xanthomonas campestris pv. cannabis severin
foliage, upper stems, pods, and seeds
alternaria leaf spot, pod necrosis, and seed decay
anthracnose
aristastoma leaf spot and yellowing
black leaf blight
brown spot (septoria leaf spot)
cercospora leaf blight and purple seed stain
choanephora leaf blight
downy mildew
drechslera blight
frogeye leaf spot (cercospora leaf spot)
fusarium seed rot and fusarium spp. associated
with seeds
leptosphaerulina leaf spot
phomopsis seed decay
phyllosticta leaf spot (phyllosticta leaf blight)
pod and stem blight
powdery mildew
red leaf blotch (dactuliophora leaf spot, pyrenochaeta
leaf blotch, pyrenochaeta leaf spot)
rhizoctonia aerial blight and web blight (rhizoctonia
foliar blight, rhizoctonia web blight)
rust
scab
sclerotinia stem rot (white mold)
stemphylium leaf blight
target spot
yeast spot of pods and seeds
fungal diseases of lower stems and roots
brown stem rot
charcoal rot
fusarium blight or wilt
fusarium pod and collar rot
fusarium root rot
phytophthora root and stem rot
pythium seed rot, damping-off, and root rot
red crown rot (cylindrocladium root rot, black root
rot, calonectria root rot)
rhizoctonia damping-off and root rot
sclerotium blight (southern blight, southern stem rot,
white mold)
stachybotrys root rot
stem canker
sudden death syndrome
thielaviopsis root rot (black root rot)
storage fungi
alternaria spp.
aspergillus spp.
curvularia spp.
fusarium spp.
mucor spp.
paecilomyces spp.
penicillium spp.
rhizopus spp.
scopulariopsis spp.
other fungi and oomycetes reported in soybean
ascochyta sojaecola abramov
bipolaris sorokiniana (sacc.) shoemaker
chaetomium spp.
cladosporium tenuissimum cooke
epicoccum spp.
exserohilum rostratum (drechsler) k. j. leonard
& suggs
gaeumannomyces graminis (sacc.) arx & d. l.
olivier
gliocladium roseum bainier
helminthosporium spp.
macrophoma spp.
marssonina sojaecola mashkina et al.
microdochium spp.
monilia spp.
mycoleptodiscus terrestris (gerd.) ostaz.
mycosphaerella phaseolorum siemaszko
neocosmospora vasinfecta e. f. sm.
nigrospora spp.
olpidium viciae kusano
pestalotia spp.
phymatotrichopsis omnivora (shear) hennebert
plectosphaerella cucumerina (lindf.) w. gams
pleosphaerulina sojicola miura
setosphaeria glycinea l. s. srivast. et al.
stauronematopsis sojae (uecker & kulik)
abbas et al.
verticillium nigrescens pethybr.
bud proliferation
machismo
phyllody and witches’-broom
phytoplasmas
dagger nematode:
lance nematodes:
lesion nematodes:
reniform nematode:
root-knot nematodes:
soybean cyst nematode:
sting nematodes:
anoxia
crusting and compaction of soil
drought damage
frost damage
green stem disorder
hail damage
heat canker
lightning damage
sunburn
african
cassava mosaic
alfalfa
mosaic
bean
common mosaic
bean
common mosaic necrosis
bean
golden mosaic
bean leafroll
bean mild mosaic
bean pod
mottle
bean
yellow mosaic
beet western yellows
blackgram mottle
broad
bean true mosaic
cotton
leaf curl
cowpea chlorotic mottle
cowpea mild mottle
cowpea mosaic
cowpea mottle
cowpea severe mosaic
cucumber mosaic (soybean stunt)
cycas necrotic stunt
euphorbia mosaic
glycine mosaic
indonesian soybean dwarf
milk vetch dwarf
mungbean yellow mosaic
okra mottle
pea green mottle
pea mild mottle
peanut mottle
peanut stunt
pepper golden mosaic
quail pea mosaic
rhynchosia golden mosaic
sida micrantha mosaic
sida mottle
southern bean mosaic
soybean blistering mosaic
soybean chlorotic mottle
soybean chlorotic spot
soybean crinkle leaf
soybean dwarf
soybean mild mottle
soybean mosaic
soybean putnam
soybean severe stunt
soybean vein necrosis
soybean yellow mosaic
soybean yellow mottle mosaic
tobacco mosaic
tobacco ringspot
tobacco streak
tomato ringspot
tomato spotted wilt
